update-alternatives 2021-01-29 08:51:06: run with --quiet --install /usr/bin/awk awk /usr/bin/mawk 5 --slave /usr/share/man/man1/awk.1.gz awk.1.gz /usr/share/man/man1/mawk.1.gz --slave /usr/bin/nawk nawk /usr/bin/mawk --slave /usr/share/man/man1/nawk.1.gz nawk.1.gz /usr/share/man/man1/mawk.1.gz
update-alternatives 2021-01-29 08:51:06: link group awk updated to point to /usr/bin/mawk
update-alternatives 2021-01-29 08:52:03: run with --quiet --install /usr/bin/awk awk /usr/bin/mawk 5 --slave /usr/share/man/man1/awk.1.gz awk.1.gz /usr/share/man/man1/mawk.1.gz --slave /usr/bin/nawk nawk /usr/bin/mawk --slave /usr/share/man/man1/nawk.1.gz nawk.1.gz /usr/share/man/man1/mawk.1.gz
update-alternatives 2021-01-29 08:52:09: run with --install /usr/sbin/rmt rmt /usr/sbin/rmt-tar 50 --slave /usr/share/man/man8/rmt.8.gz rmt.8.gz /usr/share/man/man8/rmt-tar.8.gz
update-alternatives 2021-01-29 08:52:09: link group rmt updated to point to /usr/sbin/rmt-tar
update-alternatives 2021-01-29 08:52:30: run with --install /usr/share/man/man7/builtins.7.gz builtins.7.gz /usr/share/man/man7/bash-builtins.7.gz 10
update-alternatives 2021-01-29 08:52:30: link group builtins.7.gz updated to point to /usr/share/man/man7/bash-builtins.7.gz
update-alternatives 2021-01-29 08:52:31: run with --install /usr/bin/w w /usr/bin/w.procps 50 --slave /usr/share/man/man1/w.1.gz w.1.gz /usr/share/man/man1/w.procps.1.gz
update-alternatives 2021-01-29 08:52:31: link group w updated to point to /usr/bin/w.procps
update-alternatives 2021-01-29 08:52:37: run with --install /usr/bin/pager pager /bin/more 50 --slave /usr/share/man/man1/pager.1.gz pager.1.gz /usr/share/man/man1/more.1.gz
update-alternatives 2021-01-29 08:52:37: link group pager updated to point to /bin/more
update-alternatives 2021-01-29 08:52:37: run with --install /usr/bin/pager pager /usr/bin/pg 10 --slave /usr/share/man/man1/pager.1.gz pager.1.gz /usr/share/man/man1/pg.1.gz
update-alternatives 2021-01-29 08:53:54: run with --install /bin/mt mt /bin/mt-gnu 10 --slave /usr/share/man/man1/mt.1.gz mt.1.gz /usr/share/man/man1/mt-gnu.1.gz
update-alternatives 2021-01-29 08:53:54: link group mt updated to point to /bin/mt-gnu
update-alternatives 2021-01-29 08:53:55: run with --quiet --install /usr/bin/pager pager /bin/less 77 --slave /usr/share/man/man1/pager.1.gz pager.1.gz /usr/share/man/man1/less.1.gz
update-alternatives 2021-01-29 08:53:55: link group pager updated to point to /bin/less
update-alternatives 2021-01-29 08:53:55: run with --quiet --remove pager /usr/bin/less
update-alternatives 2021-01-29 08:53:57: run with --quiet --install /usr/bin/pager pager /bin/less 77 --slave /usr/share/man/man1/pager.1.gz pager.1.gz /usr/share/man/man1/less.1.gz
update-alternatives 2021-01-29 08:53:57: run with --quiet --remove pager /usr/bin/less
update-alternatives 2021-01-29 08:53:59: run with --install /bin/nc nc /bin/nc.traditional 10 --slave /bin/netcat netcat /bin/nc.traditional --slave /usr/share/man/man1/nc.1.gz nc.1.gz /usr/share/man/man1/nc.traditional.1.gz --slave /usr/share/man/man1/netcat.1.gz netcat.1.gz /usr/share/man/man1/nc.traditional.1.gz
update-alternatives 2021-01-29 08:53:59: link group nc updated to point to /bin/nc.traditional
update-alternatives 2021-01-29 08:53:59: run with --install /usr/bin/editor editor /bin/nano 40 --slave /usr/share/man/man1/editor.1.gz editor.1.gz /usr/share/man/man1/nano.1.gz
update-alternatives 2021-01-29 08:53:59: link group editor updated to point to /bin/nano
update-alternatives 2021-01-29 08:54:00: run with --install /usr/bin/pico pico /bin/nano 10 --slave /usr/share/man/man1/pico.1.gz pico.1.gz /usr/share/man/man1/nano.1.gz
update-alternatives 2021-01-29 08:54:00: link group pico updated to point to /bin/nano
update-alternatives 2021-01-29 08:54:01: run with --install /usr/bin/write write /usr/bin/bsd-write 100 --slave /usr/share/man/man1/write.1.gz write.1.gz /usr/share/man/man1/bsd-write.1.gz
update-alternatives 2021-01-29 08:54:01: link group write updated to point to /usr/bin/bsd-write
update-alternatives 2021-01-29 08:54:01: run with --install /usr/bin/from from /usr/bin/bsd-from 10 --slave /usr/share/man/man1/from.1.gz from.1.gz /usr/share/man/man1/bsd-from.1.gz
update-alternatives 2021-01-29 08:54:01: link group from updated to point to /usr/bin/bsd-from
update-alternatives 2021-01-29 08:54:06: run with --install /usr/bin/traceroute traceroute /usr/bin/traceroute.db 100 --slave /usr/sbin/traceroute traceroute.sbin /usr/bin/traceroute.db --slave /usr/share/man/man1/traceroute.1.gz traceroute.1.gz /usr/share/man/man1/traceroute.db.1.gz
update-alternatives 2021-01-29 08:54:06: link group traceroute updated to point to /usr/bin/traceroute.db
update-alternatives 2021-01-29 08:54:06: run with --install /usr/bin/traceroute6 traceroute6 /usr/bin/traceroute6.db 100 --slave /usr/share/man/man1/traceroute6.1.gz traceroute6.1.gz /usr/share/man/man1/traceroute6.db.1.gz
update-alternatives 2021-01-29 08:54:06: link group traceroute6 updated to point to /usr/bin/traceroute6.db
update-alternatives 2021-01-29 08:54:06: run with --install /usr/bin/lft lft /usr/bin/lft.db 100 --slave /usr/share/man/man1/lft.1.gz lft.1.gz /usr/share/man/man1/lft.db.1.gz
update-alternatives 2021-01-29 08:54:06: link group lft updated to point to /usr/bin/lft.db
update-alternatives 2021-01-29 08:54:06: run with --install /usr/bin/traceproto traceproto /usr/bin/traceproto.db 100 --slave /usr/share/man/man1/traceproto.1.gz traceproto.1.gz /usr/share/man/man1/traceproto.db.1.gz
update-alternatives 2021-01-29 08:54:06: link group traceproto updated to point to /usr/bin/traceproto.db
update-alternatives 2021-01-29 08:54:06: run with --install /usr/sbin/tcptraceroute tcptraceroute /usr/sbin/tcptraceroute.db 100 --slave /usr/share/man/man8/tcptraceroute.8.gz tcptraceroute.8.gz /usr/share/man/man8/tcptraceroute.db.8.gz
update-alternatives 2021-01-29 08:54:06: link group tcptraceroute updated to point to /usr/sbin/tcptraceroute.db
update-alternatives 2021-01-29 08:54:07: run with --install /usr/bin/rview rview /usr/bin/vim.tiny 10
update-alternatives 2021-01-29 08:54:07: link group rview updated to point to /usr/bin/vim.tiny
update-alternatives 2021-01-29 08:54:07: run with --install /usr/bin/vi vi /usr/bin/vim.tiny 10 --slave /usr/share/man/fr/man1/vi.1.gz vi.fr.1.gz /usr/share/man/fr/man1/vim.1.gz --slave /usr/share/man/it/man1/vi.1.gz vi.it.1.gz /usr/share/man/it/man1/vim.1.gz --slave /usr/share/man/pl/man1/vi.1.gz vi.pl.1.gz /usr/share/man/pl/man1/vim.1.gz --slave /usr/share/man/ru/man1/vi.1.gz vi.ru.1.gz /usr/share/man/ru/man1/vim.1.gz --slave /usr/share/man/ja/man1/vi.1.gz vi.ja.1.gz /usr/share/man/ja/man1/vim.1.gz --slave /usr/share/man/man1/vi.1.gz vi.1.gz /usr/share/man/man1/vim.1.gz
update-alternatives 2021-01-29 08:54:07: link group vi updated to point to /usr/bin/vim.tiny
update-alternatives 2021-01-29 08:54:07: run with --install /usr/bin/view view /usr/bin/vim.tiny 10 --slave /usr/share/man/fr/man1/view.1.gz view.fr.1.gz /usr/share/man/fr/man1/vim.1.gz --slave /usr/share/man/it/man1/view.1.gz view.it.1.gz /usr/share/man/it/man1/vim.1.gz --slave /usr/share/man/pl/man1/view.1.gz view.pl.1.gz /usr/share/man/pl/man1/vim.1.gz --slave /usr/share/man/ru/man1/view.1.gz view.ru.1.gz /usr/share/man/ru/man1/vim.1.gz --slave /usr/share/man/ja/man1/view.1.gz view.ja.1.gz /usr/share/man/ja/man1/vim.1.gz --slave /usr/share/man/man1/view.1.gz view.1.gz /usr/share/man/man1/vim.1.gz
update-alternatives 2021-01-29 08:54:07: link group view updated to point to /usr/bin/vim.tiny
update-alternatives 2021-01-29 08:54:07: run with --install /usr/bin/ex ex /usr/bin/vim.tiny 10 --slave /usr/share/man/fr/man1/ex.1.gz ex.fr.1.gz /usr/share/man/fr/man1/vim.1.gz --slave /usr/share/man/it/man1/ex.1.gz ex.it.1.gz /usr/share/man/it/man1/vim.1.gz --slave /usr/share/man/pl/man1/ex.1.gz ex.pl.1.gz /usr/share/man/pl/man1/vim.1.gz --slave /usr/share/man/ru/man1/ex.1.gz ex.ru.1.gz /usr/share/man/ru/man1/vim.1.gz --slave /usr/share/man/ja/man1/ex.1.gz ex.ja.1.gz /usr/share/man/ja/man1/vim.1.gz --slave /usr/share/man/man1/ex.1.gz ex.1.gz /usr/share/man/man1/vim.1.gz
update-alternatives 2021-01-29 08:54:07: link group ex updated to point to /usr/bin/vim.tiny
update-alternatives 2021-01-29 08:54:07: run with --install /usr/bin/editor editor /usr/bin/vim.tiny 10 --slave /usr/share/man/fr/man1/editor.1.gz editor.fr.1.gz /usr/share/man/fr/man1/vim.1.gz --slave /usr/share/man/it/man1/editor.1.gz editor.it.1.gz /usr/share/man/it/man1/vim.1.gz --slave /usr/share/man/pl/man1/editor.1.gz editor.pl.1.gz /usr/share/man/pl/man1/vim.1.gz --slave /usr/share/man/ru/man1/editor.1.gz editor.ru.1.gz /usr/share/man/ru/man1/vim.1.gz --slave /usr/share/man/ja/man1/editor.1.gz editor.ja.1.gz /usr/share/man/ja/man1/vim.1.gz --slave /usr/share/man/man1/editor.1.gz editor.1.gz /usr/share/man/man1/vim.1.gz
update-alternatives 2021-01-29 08:58:21: run with --install /usr/bin/rename rename /usr/bin/prename 60 --slave /usr/share/man/man1/rename.1.gz rename.1.gz /usr/share/man/man1/prename.1.gz
update-alternatives 2021-01-29 08:58:21: link group rename updated to point to /usr/bin/prename
update-alternatives 2021-01-29 08:58:25: run with --install /usr/bin/rename rename /usr/bin/file-rename 70 --slave /usr/share/man/man1/rename.1.gz rename.1.gz /usr/share/man/man1/file-rename.1p.gz
update-alternatives 2021-01-29 08:58:25: link group rename updated to point to /usr/bin/file-rename
update-alternatives 2021-01-29 08:59:33: run with --remove view /usr/bin/see
update-alternatives 2021-01-29 08:59:42: run with --quiet --install /usr/bin/rsh rsh /usr/bin/ssh 20 --slave /usr/share/man/man1/rsh.1.gz rsh.1.gz /usr/share/man/man1/ssh.1.gz
update-alternatives 2021-01-29 08:59:42: link group rsh updated to point to /usr/bin/ssh
update-alternatives 2021-01-29 08:59:42: run with --quiet --install /usr/bin/rlogin rlogin /usr/bin/slogin 20 --slave /usr/share/man/man1/rlogin.1.gz rlogin.1.gz /usr/share/man/man1/slogin.1.gz
update-alternatives 2021-01-29 08:59:42: link group rlogin updated to point to /usr/bin/slogin
update-alternatives 2021-01-29 08:59:42: run with --quiet --install /usr/bin/rcp rcp /usr/bin/scp 20 --slave /usr/share/man/man1/rcp.1.gz rcp.1.gz /usr/share/man/man1/scp.1.gz
update-alternatives 2021-01-29 08:59:42: link group rcp updated to point to /usr/bin/scp
update-alternatives 2021-01-29 09:00:54: run with --install /usr/lib/libblas.so.3 libblas.so.3 /usr/lib/libblas/libblas.so.3 10 --slave /usr/lib/libblas.so.3gf libblas.so.3gf /usr/lib/libblas/libblas.so.3
update-alternatives 2021-01-29 09:00:54: link group libblas.so.3 updated to point to /usr/lib/libblas/libblas.so.3
update-alternatives 2021-01-29 09:04:14: run with --install /usr/bin/js js /usr/bin/nodejs 200 --slave /usr/share/man/man1/js.1.gz js.1.gz /usr/share/man/man1/nodejs.1.gz
update-alternatives 2021-01-29 09:04:14: link group js updated to point to /usr/bin/nodejs
update-alternatives 2021-01-29 09:07:30: run with --install /usr/share/man/man1/psql.1.gz psql.1.gz /usr/share/postgresql/9.4/man/man1/psql.1.gz 94 --slave /usr/share/man/man7/WITH.7.gz WITH.7.gz /usr/share/postgresql/9.4/man/man7/WITH.7.gz --slave /usr/share/man/man7/VALUES.7.gz VALUES.7.gz /usr/share/postgresql/9.4/man/man7/VALUES.7.gz --slave /usr/share/man/man7/VACUUM.7.gz VACUUM.7.gz /usr/share/postgresql/9.4/man/man7/VACUUM.7.gz --slave /usr/share/man/man7/UPDATE.7.gz UPDATE.7.gz /usr/share/postgresql/9.4/man/man7/UPDATE.7.gz --slave /usr/share/man/man7/UNLISTEN.7.gz UNLISTEN.7.gz /usr/share/postgresql/9.4/man/man7/UNLISTEN.7.gz --slave /usr/share/man/man7/TRUNCATE.7.gz TRUNCATE.7.gz /usr/share/postgresql/9.4/man/man7/TRUNCATE.7.gz --slave /usr/share/man/man7/TABLE.7.gz TABLE.7.gz /usr/share/postgresql/9.4/man/man7/TABLE.7.gz --slave /usr/share/man/man7/START_TRANSACTION.7.gz START_TRANSACTION.7.gz /usr/share/postgresql/9.4/man/man7/START_TRANSACTION.7.gz --slave /usr/share/man/man7/SHOW.7.gz SHOW.7.gz /usr/share/postgresql/9.4/man/man7/SHOW.7.gz --slave /usr/share/man/man7/SET_TRANSACTION.7.gz SET_TRANSACTION.7.gz /usr/share/postgresql/9.4/man/man7/SET_TRANSACTION.7.gz --slave /usr/share/man/man7/SET_SESSION_AUTHORIZATION.7.gz SET_SESSION_AUTHORIZATION.7.gz /usr/share/postgresql/9.4/man/man7/SET_SESSION_AUTHORIZATION.7.gz --slave /usr/share/man/man7/SET_ROLE.7.gz SET_ROLE.7.gz /usr/share/postgresql/9.4/man/man7/SET_ROLE.7.gz --slave /usr/share/man/man7/SET_CONSTRAINTS.7.gz SET_CONSTRAINTS.7.gz /usr/share/postgresql/9.4/man/man7/SET_CONSTRAINTS.7.gz --slave /usr/share/man/man7/SET.7.gz SET.7.gz /usr/share/postgresql/9.4/man/man7/SET.7.gz --slave /usr/share/man/man7/SELECT_INTO.7.gz SELECT_INTO.7.gz /usr/share/postgresql/9.4/man/man7/SELECT_INTO.7.gz --slave /usr/share/man/man7/SELECT.7.gz SELECT.7.gz /usr/share/postgresql/9.4/man/man7/SELECT.7.gz --slave /usr/share/man/man7/SECURITY_LABEL.7.gz SECURITY_LABEL.7.gz /usr/share/postgresql/9.4/man/man7/SECURITY_LABEL.7.gz --slave /usr/share/man/man7/SAVEPOINT.7.gz SAVEPOINT.7.gz
update-alternatives 2021-01-29 09:07:30: link group psql.1.gz updated to point to /usr/share/postgresql/9.4/man/man1/psql.1.gz
update-alternatives 2021-01-29 09:08:18: run with --install /usr/share/man/man1/postmaster.1.gz postmaster.1.gz /usr/share/postgresql/9.4/man/man1/postmaster.1.gz 94 --slave /usr/share/man/man1/postgres.1.gz postgres.1.gz /usr/share/postgresql/9.4/man/man1/postgres.1.gz --slave /usr/share/man/man1/pg_xlogdump.1.gz pg_xlogdump.1.gz /usr/share/postgresql/9.4/man/man1/pg_xlogdump.1.gz --slave /usr/share/man/man1/pg_upgrade.1.gz pg_upgrade.1.gz /usr/share/postgresql/9.4/man/man1/pg_upgrade.1.gz --slave /usr/share/man/man1/pg_resetxlog.1.gz pg_resetxlog.1.gz /usr/share/postgresql/9.4/man/man1/pg_resetxlog.1.gz --slave /usr/share/man/man1/pg_ctl.1.gz pg_ctl.1.gz /usr/share/postgresql/9.4/man/man1/pg_ctl.1.gz --slave /usr/share/man/man1/pg_controldata.1.gz pg_controldata.1.gz /usr/share/postgresql/9.4/man/man1/pg_controldata.1.gz --slave /usr/share/man/man1/initdb.1.gz initdb.1.gz /usr/share/postgresql/9.4/man/man1/initdb.1.gz
update-alternatives 2021-01-29 09:08:18: link group postmaster.1.gz updated to point to /usr/share/postgresql/9.4/man/man1/postmaster.1.gz
update-alternatives 2021-01-29 09:09:56: run with --install /usr/lib/arm-linux-gnueabihf/libtxc_dxtn.so libtxc-dxtn-arm-linux-gnueabihf /usr/lib/arm-linux-gnueabihf/libtxc_dxtn_s2tc.so.0 10
update-alternatives 2021-01-29 09:09:56: link group libtxc-dxtn-arm-linux-gnueabihf updated to point to /usr/lib/arm-linux-gnueabihf/libtxc_dxtn_s2tc.so.0
update-alternatives 2021-01-29 09:09:58: run with --install /usr/bin/x-terminal-emulator x-terminal-emulator /usr/bin/xterm 20 --slave /usr/share/man/man1/x-terminal-emulator.1.gz x-terminal-emulator.1.gz /usr/share/man/man1/xterm.1.gz
update-alternatives 2021-01-29 09:09:58: link group x-terminal-emulator updated to point to /usr/bin/xterm
update-alternatives 2021-01-29 09:09:58: run with --install /usr/bin/x-terminal-emulator x-terminal-emulator /usr/bin/uxterm 20 --slave /usr/share/man/man1/x-terminal-emulator.1.gz x-terminal-emulator.1.gz /usr/share/man/man1/uxterm.1.gz
update-alternatives 2021-01-29 09:09:58: run with --install /usr/bin/x-terminal-emulator x-terminal-emulator /usr/bin/koi8rxterm 20 --slave /usr/share/man/man1/x-terminal-emulator.1.gz x-terminal-emulator.1.gz /usr/share/man/man1/koi8rxterm.1.gz
update-alternatives 2021-01-29 09:09:58: run with --install /usr/bin/x-terminal-emulator x-terminal-emulator /usr/bin/lxterm 30 --slave /usr/share/man/man1/x-terminal-emulator.1.gz x-terminal-emulator.1.gz /usr/share/man/man1/lxterm.1.gz
update-alternatives 2021-01-29 09:09:58: link group x-terminal-emulator updated to point to /usr/bin/lxterm
update-alternatives 2021-01-29 09:12:43: run with --install /usr/bin/lzma lzma /usr/bin/xz 20 --slave /usr/share/man/man1/lzma.1.gz lzma.1.gz /usr/share/man/man1/xz.1.gz --slave /usr/bin/unlzma unlzma /usr/bin/unxz --slave /usr/share/man/man1/unlzma.1.gz unlzma.1.gz /usr/share/man/man1/unxz.1.gz --slave /usr/bin/lzcat lzcat /usr/bin/xzcat --slave /usr/share/man/man1/lzcat.1.gz lzcat.1.gz /usr/share/man/man1/xzcat.1.gz --slave /usr/bin/lzmore lzmore /usr/bin/xzmore --slave /usr/share/man/man1/lzmore.1.gz lzmore.1.gz /usr/share/man/man1/xzmore.1.gz --slave /usr/bin/lzless lzless /usr/bin/xzless --slave /usr/share/man/man1/lzless.1.gz lzless.1.gz /usr/share/man/man1/xzless.1.gz --slave /usr/bin/lzdiff lzdiff /usr/bin/xzdiff --slave /usr/share/man/man1/lzdiff.1.gz lzdiff.1.gz /usr/share/man/man1/xzdiff.1.gz --slave /usr/bin/lzcmp lzcmp /usr/bin/xzcmp --slave /usr/share/man/man1/lzcmp.1.gz lzcmp.1.gz /usr/share/man/man1/xzcmp.1.gz --slave /usr/bin/lzgrep lzgrep /usr/bin/xzgrep --slave /usr/share/man/man1/lzgrep.1.gz lzgrep.1.gz /usr/share/man/man1/xzgrep.1.gz --slave /usr/bin/lzegrep lzegrep /usr/bin/xzegrep --slave /usr/share/man/man1/lzegrep.1.gz lzegrep.1.gz /usr/share/man/man1/xzegrep.1.gz --slave /usr/bin/lzfgrep lzfgrep /usr/bin/xzfgrep --slave /usr/share/man/man1/lzfgrep.1.gz lzfgrep.1.gz /usr/share/man/man1/xzfgrep.1.gz
update-alternatives 2021-01-29 09:12:43: link group lzma updated to point to /usr/bin/xz
update-alternatives 2021-01-29 09:12:43: run with --quiet --install /lib/cpp cpp /usr/bin/cpp 10
update-alternatives 2021-01-29 09:12:43: link group cpp updated to point to /usr/bin/cpp
update-alternatives 2021-01-29 09:12:43: run with --quiet --install /usr/bin/cc cc /usr/bin/gcc 20
update-alternatives 2021-01-29 09:12:43: link group cc updated to point to /usr/bin/gcc
update-alternatives 2021-01-29 09:12:43: run with --quiet --install /usr/bin/c89 c89 /usr/bin/c89-gcc 20 --slave /usr/share/man/man1/c89.1.gz c89.1.gz /usr/share/man/man1/c89-gcc.1.gz
update-alternatives 2021-01-29 09:12:43: link group c89 updated to point to /usr/bin/c89-gcc
update-alternatives 2021-01-29 09:12:43: run with --quiet --install /usr/bin/c99 c99 /usr/bin/c99-gcc 20 --slave /usr/share/man/man1/c99.1.gz c99.1.gz /usr/share/man/man1/c99-gcc.1.gz
update-alternatives 2021-01-29 09:12:43: link group c99 updated to point to /usr/bin/c99-gcc
update-alternatives 2021-01-29 09:12:44: run with --install /usr/bin/c++ c++ /usr/bin/g++ 20
update-alternatives 2021-01-29 09:12:44: link group c++ updated to point to /usr/bin/g++
update-alternatives 2021-01-29 09:12:44: run with --install /usr/bin/fakeroot fakeroot /usr/bin/fakeroot-sysv 50 --slave /usr/share/man/man1/fakeroot.1.gz fakeroot.1.gz /usr/share/man/man1/fakeroot-sysv.1.gz --slave /usr/share/man/man1/faked.1.gz faked.1.gz /usr/share/man/man1/faked-sysv.1.gz --slave /usr/share/man/es/man1/fakeroot.1.gz fakeroot.es.1.gz /usr/share/man/es/man1/fakeroot-sysv.1.gz --slave /usr/share/man/es/man1/faked.1.gz faked.es.1.gz /usr/share/man/es/man1/faked-sysv.1.gz --slave /usr/share/man/fr/man1/fakeroot.1.gz fakeroot.fr.1.gz /usr/share/man/fr/man1/fakeroot-sysv.1.gz --slave /usr/share/man/fr/man1/faked.1.gz faked.fr.1.gz /usr/share/man/fr/man1/faked-sysv.1.gz --slave /usr/share/man/sv/man1/fakeroot.1.gz fakeroot.sv.1.gz /usr/share/man/sv/man1/fakeroot-sysv.1.gz --slave /usr/share/man/sv/man1/faked.1.gz faked.sv.1.gz /usr/share/man/sv/man1/faked-sysv.1.gz
update-alternatives 2021-01-29 09:12:44: link group fakeroot updated to point to /usr/bin/fakeroot-sysv
update-alternatives 2021-01-29 09:12:44: run with --install /usr/bin/fakeroot fakeroot /usr/bin/fakeroot-tcp 30 --slave /usr/share/man/man1/fakeroot.1.gz fakeroot.1.gz /usr/share/man/man1/fakeroot-tcp.1.gz --slave /usr/share/man/man1/faked.1.gz faked.1.gz /usr/share/man/man1/faked-tcp.1.gz --slave /usr/share/man/es/man1/fakeroot.1.gz fakeroot.es.1.gz /usr/share/man/es/man1/fakeroot-tcp.1.gz --slave /usr/share/man/es/man1/faked.1.gz faked.es.1.gz /usr/share/man/es/man1/faked-tcp.1.gz --slave /usr/share/man/fr/man1/fakeroot.1.gz fakeroot.fr.1.gz /usr/share/man/fr/man1/fakeroot-tcp.1.gz --slave /usr/share/man/fr/man1/faked.1.gz faked.fr.1.gz /usr/share/man/fr/man1/faked-tcp.1.gz --slave /usr/share/man/sv/man1/fakeroot.1.gz fakeroot.sv.1.gz /usr/share/man/sv/man1/fakeroot-tcp.1.gz --slave /usr/share/man/sv/man1/faked.1.gz faked.sv.1.gz /usr/share/man/sv/man1/faked-tcp.1.gz
update-alternatives 2021-01-29 09:15:53: run with --remove c++ /usr/bin/g++
update-alternatives 2021-01-29 09:15:53: link group c++ fully removed
update-alternatives 2021-01-29 09:15:53: run with --quiet --remove cc /usr/bin/gcc
update-alternatives 2021-01-29 09:15:53: link group cc fully removed
update-alternatives 2021-01-29 09:15:53: run with --quiet --remove c89 /usr/bin/c89-gcc
update-alternatives 2021-01-29 09:15:53: link group c89 fully removed
update-alternatives 2021-01-29 09:15:53: run with --quiet --remove c99 /usr/bin/c99-gcc
update-alternatives 2021-01-29 09:15:53: link group c99 fully removed
update-alternatives 2021-01-29 09:15:53: run with --quiet --remove cpp /usr/bin/cpp
update-alternatives 2021-01-29 09:15:53: link group cpp fully removed
update-alternatives 2021-01-29 09:15:54: run with --remove fakeroot /usr/bin/fakeroot-sysv
update-alternatives 2021-01-29 09:15:54: link group fakeroot updated to point to /usr/bin/fakeroot-tcp
update-alternatives 2021-01-29 09:15:54: run with --remove fakeroot /usr/bin/fakeroot-tcp
update-alternatives 2021-01-29 09:15:54: link group fakeroot fully removed
update-alternatives 2021-01-29 09:16:19: run with --remove x-terminal-emulator /usr/bin/koi8rxterm
update-alternatives 2021-01-29 09:16:19: run with --remove x-terminal-emulator /usr/bin/uxterm
update-alternatives 2021-01-29 09:16:19: run with --remove x-terminal-emulator /usr/bin/xterm
update-alternatives 2021-01-29 09:16:19: run with --remove x-terminal-emulator /usr/bin/lxterm
update-alternatives 2021-01-29 09:16:19: link group x-terminal-emulator fully removed
